run 20260729-171853-fcd970: events at /home/quinna/tools/e2e-testrepo/.pipeline-runs/20260729-171853-fcd970/events.jsonl
2026-07-29 17:18:53,637 pipeline.cli INFO run 20260729-171853-fcd970: loading ornith to plan
2026-07-29 17:18:56,723 httpx INFO HTTP Request: POST http://10.0.0.17:8080/v1/chat/completions "HTTP/1.1 200 OK"
2026-07-29 17:18:58,414 httpx INFO HTTP Request: POST http://10.0.0.17:8080/v1/chat/completions "HTTP/1.1 200 OK"
2026-07-29 17:19:00,494 httpx INFO HTTP Request: POST http://10.0.0.17:8080/v1/chat/completions "HTTP/1.1 200 OK"
2026-07-29 17:20:00,142 httpx INFO HTTP Request: POST http://10.0.0.17:8080/v1/chat/completions "HTTP/1.1 200 OK"
Traceback (most recent call last):
  File "<frozen runpy>", line 203, in _run_module_as_main
  File "<frozen runpy>", line 88, in _run_code
  File "/home/quinna/tools/orchestrator-impl/pipeline/cli.py", line 560, in <module>
    print(f"{r.run_id:<32} {str(r.repo):<30} {task_short:<30} "
         ^^^^^^
  File "/home/quinna/tools/orchestrator-impl/pipeline/cli.py", line 556, in main
    if events_path.exists():
       ~~~~~~~~~~~~~~~~~~^^
  File "/home/quinna/tools/orchestrator-impl/pipeline/cli.py", line 310, in _cmd_run
    print(f"events: {events.path}", file=sys.stderr)
             ^^^^^^^^^^^^^^^^^^^^^^^^^^^^^^^^^^^^^^^
    
    
  File "/home/linuxbrew/.linuxbrew/opt/python@3.14/lib/python3.14/asyncio/runners.py", line 205, in run
    return runner.run(main)
           ~~~~~~~~~~^^^^^^
  File "/home/linuxbrew/.linuxbrew/opt/python@3.14/lib/python3.14/asyncio/runners.py", line 128, in run
    return self._loop.run_until_complete(task)
           ~~~~~~~~~~~~~~~~~~~~~~~~~~~~~^^^^^^
  File "/home/linuxbrew/.linuxbrew/opt/python@3.14/lib/python3.14/asyncio/base_events.py", line 719, in run_until_complete
    return future.result()
           ~~~~~~~~~~~~~^^
  File "/home/quinna/tools/orchestrator-impl/pipeline/cli.py", line 231, in run_pipeline
    roles = config.roles
               ^^^^^^^^^
  File "/home/quinna/tools/orchestrator-impl/pipeline/planner.py", line 121, in create_plan
    return _parse_plan(fn["arguments"])
  File "/home/quinna/tools/orchestrator-impl/pipeline/planner.py", line 135, in _parse_plan
    args = json.loads(raw_arguments) if isinstance(raw_arguments, str) else raw_arguments
           ~~~~~~~~~~^^^^^^^^^^^^^^^
  File "/home/linuxbrew/.linuxbrew/opt/python@3.14/lib/python3.14/json/__init__.py", line 352, in loads
    return _default_decoder.decode(s)
           ~~~~~~~~~~~~~~~~~~~~~~~^^^
  File "/home/linuxbrew/.linuxbrew/opt/python@3.14/lib/python3.14/json/decoder.py", line 345, in decode
    obj, end = self.raw_decode(s, idx=_w(s, 0).end())
               ~~~~~~~~~~~~~~~^^^^^^^^^^^^^^^^^^^^^^^
  File "/home/linuxbrew/.linuxbrew/opt/python@3.14/lib/python3.14/json/decoder.py", line 361, in raw_decode
    obj, end = self.scan_once(s, idx)
               ~~~~~~~~~~~~~~^^^^^^^^
json.decoder.JSONDecodeError: Unterminated string starting at: line 1 column 2674 (char 2673)
