run 20260729-172137-df25e0: events at /home/quinna/tools/e2e-testrepo/.pipeline-runs/20260729-172137-df25e0/events.jsonl
2026-07-29 17:21:37,558 pipeline.cli INFO run 20260729-172137-df25e0: loading ornith to plan
2026-07-29 17:21:39,315 httpx INFO HTTP Request: POST http://10.0.0.17:8080/v1/chat/completions "HTTP/1.1 200 OK"
2026-07-29 17:21:40,886 httpx INFO HTTP Request: POST http://10.0.0.17:8080/v1/chat/completions "HTTP/1.1 200 OK"
2026-07-29 17:21:42,686 httpx INFO HTTP Request: POST http://10.0.0.17:8080/v1/chat/completions "HTTP/1.1 200 OK"
2026-07-29 17:23:25,312 httpx INFO HTTP Request: POST http://10.0.0.17:8080/v1/chat/completions "HTTP/1.1 200 OK"
2026-07-29 17:23:46,543 httpx INFO HTTP Request: POST http://10.0.0.17:8080/v1/chat/completions "HTTP/1.1 200 OK"
2026-07-29 17:23:46,543 pipeline.planner INFO plan: 2 chunk(s): source, tests
2026-07-29 17:23:46,546 pipeline.cli INFO preparing 2 agent workspace(s) from 9d95202ece
2026-07-29 17:23:46,848 httpx INFO HTTP Request: POST http://10.0.0.17:8080/v1/chat/completions "HTTP/1.1 200 OK"
2026-07-29 17:23:49,348 httpx INFO HTTP Request: POST http://10.0.0.17:8080/v1/chat/completions "HTTP/1.1 200 OK"
2026-07-29 17:23:53,304 httpx INFO HTTP Request: POST http://10.0.0.17:8080/v1/chat/completions "HTTP/1.1 200 OK"
2026-07-29 17:23:54,647 httpx INFO HTTP Request: POST http://10.0.0.17:8080/v1/chat/completions "HTTP/1.1 200 OK"
2026-07-29 17:24:19,289 httpx INFO HTTP Request: POST http://10.0.0.17:8080/v1/chat/completions "HTTP/1.1 200 OK"
2026-07-29 17:24:28,111 httpx INFO HTTP Request: POST http://10.0.0.17:8080/v1/chat/completions "HTTP/1.1 200 OK"
2026-07-29 17:24:35,081 httpx INFO HTTP Request: POST http://10.0.0.17:8080/v1/chat/completions "HTTP/1.1 200 OK"
2026-07-29 17:24:36,975 httpx INFO HTTP Request: POST http://10.0.0.17:8080/v1/chat/completions "HTTP/1.1 200 OK"
2026-07-29 17:24:43,826 httpx INFO HTTP Request: POST http://10.0.0.17:8080/v1/chat/completions "HTTP/1.1 200 OK"
2026-07-29 17:24:46,499 httpx INFO HTTP Request: POST http://10.0.0.17:8080/v1/chat/completions "HTTP/1.1 200 OK"
2026-07-29 17:25:31,123 httpx INFO HTTP Request: POST http://10.0.0.17:8080/v1/chat/completions "HTTP/1.1 200 OK"
2026-07-29 17:25:39,615 httpx INFO HTTP Request: POST http://10.0.0.17:8080/v1/chat/completions "HTTP/1.1 200 OK"
2026-07-29 17:25:49,296 httpx INFO HTTP Request: POST http://10.0.0.17:8080/v1/chat/completions "HTTP/1.1 200 OK"
Traceback (most recent call last):
  File "<frozen runpy>", line 203, in _run_module_as_main
  File "<frozen runpy>", line 88, in _run_code
  File "/home/quinna/tools/orchestrator-impl/pipeline/cli.py", line 586, in <module>
    sys.exit(main())
             ~~~~^^
  File "/home/quinna/tools/orchestrator-impl/pipeline/cli.py", line 582, in main
    return _cmd_run(args, pcfg)
  File "/home/quinna/tools/orchestrator-impl/pipeline/cli.py", line 336, in _cmd_run
    report = asyncio.run(run_pipeline(config, args.load_wait_s, events,
                                      ensure_resident=not args.no_load))
  File "/home/linuxbrew/.linuxbrew/opt/python@3.14/lib/python3.14/asyncio/runners.py", line 205, in run
    return runner.run(main)
           ~~~~~~~~~~^^^^^^
  File "/home/linuxbrew/.linuxbrew/opt/python@3.14/lib/python3.14/asyncio/runners.py", line 128, in run
    return self._loop.run_until_complete(task)
           ~~~~~~~~~~~~~~~~~~~~~~~~~~~~~^^^^^^
  File "/home/linuxbrew/.linuxbrew/opt/python@3.14/lib/python3.14/asyncio/base_events.py", line 719, in run_until_complete
    return future.result()
           ~~~~~~~~~~~~~^^
  File "/home/quinna/tools/orchestrator-impl/pipeline/cli.py", line 262, in run_pipeline
    outcomes = await execute_plan(
               ^^^^^^^^^^^^^^^^^^^
    ...<3 lines>...
    )
    ^
  File "/home/quinna/tools/orchestrator-impl/pipeline/executor.py", line 420, in execute_plan
    new_head = await _integrate_chunk(
               ^^^^^^^^^^^^^^^^^^^^^^^
        integration_path, chunk, outcome, events,
        ^^^^^^^^^^^^^^^^^^^^^^^^^^^^^^^^^^^^^^^^^
    )
    ^
  File "/home/quinna/tools/orchestrator-impl/pipeline/executor.py", line 215, in _integrate_chunk
    code, _, err = await run_argv(
                   ^^^^^^^^^^^^^^^
    ...<3 lines>...
    )
    ^
  File "/home/quinna/tools/orchestrator-impl/pipeline/_procutil.py", line 40, in run_argv
    proc = await asyncio.create_subprocess_exec(
           ^^^^^^^^^^^^^^^^^^^^^^^^^^^^^^^^^^^^^
    ...<3 lines>...
    )
    ^
  File "/home/linuxbrew/.linuxbrew/opt/python@3.14/lib/python3.14/asyncio/subprocess.py", line 224, in create_subprocess_exec
    transport, protocol = await loop.subprocess_exec(
                          ^^^^^^^^^^^^^^^^^^^^^^^^^^^
    ...<3 lines>...
        stderr=stderr, **kwds)
        ^^^^^^^^^^^^^^^^^^^^^^
  File "/home/linuxbrew/.linuxbrew/opt/python@3.14/lib/python3.14/asyncio/base_events.py", line 1808, in subprocess_exec
    transport = await self._make_subprocess_transport(
                ^^^^^^^^^^^^^^^^^^^^^^^^^^^^^^^^^^^^^^
        protocol, popen_args, False, stdin, stdout, stderr,
        ^^^^^^^^^^^^^^^^^^^^^^^^^^^^^^^^^^^^^^^^^^^^^^^^^^^
        bufsize, **kwargs)
        ^^^^^^^^^^^^^^^^^^
  File "/home/linuxbrew/.linuxbrew/opt/python@3.14/lib/python3.14/asyncio/unix_events.py", line 203, in _make_subprocess_transport
    transp = _UnixSubprocessTransport(self, protocol, args, shell,
                                    stdin, stdout, stderr, bufsize,
                                    waiter=waiter, extra=extra,
                                    **kwargs)
  File "/home/linuxbrew/.linuxbrew/opt/python@3.14/lib/python3.14/asyncio/base_subprocess.py", line 40, in __init__
    self._start(args=args, shell=shell, stdin=stdin, stdout=stdout,
    ~~~~~~~~~~~^^^^^^^^^^^^^^^^^^^^^^^^^^^^^^^^^^^^^^^^^^^^^^^^^^^^
                stderr=stderr, bufsize=bufsize, **kwargs)
                ^^^^^^^^^^^^^^^^^^^^^^^^^^^^^^^^^^^^^^^^^
  File "/home/linuxbrew/.linuxbrew/opt/python@3.14/lib/python3.14/asyncio/unix_events.py", line 845, in _start
    self._proc = subprocess.Popen(
                 ~~~~~~~~~~~~~~~~^
        args, shell=shell, stdin=stdin, stdout=stdout, stderr=stderr,
        ^^^^^^^^^^^^^^^^^^^^^^^^^^^^^^^^^^^^^^^^^^^^^^^^^^^^^^^^^^^^^
        universal_newlines=False, bufsize=bufsize, **kwargs)
        ^^^^^^^^^^^^^^^^^^^^^^^^^^^^^^^^^^^^^^^^^^^^^^^^^^^^
  File "/home/linuxbrew/.linuxbrew/opt/python@3.14/lib/python3.14/subprocess.py", line 1039, in __init__
    self._execute_child(args, executable, preexec_fn, close_fds,
    ~~~~~~~~~~~~~~~~~~~^^^^^^^^^^^^^^^^^^^^^^^^^^^^^^^^^^^^^^^^^
                        pass_fds, cwd, env,
                        ^^^^^^^^^^^^^^^^^^^
    ...<5 lines>...
                        gid, gids, uid, umask,
                        ^^^^^^^^^^^^^^^^^^^^^^
                        start_new_session, process_group)
                        ^^^^^^^^^^^^^^^^^^^^^^^^^^^^^^^^^
  File "/home/linuxbrew/.linuxbrew/opt/python@3.14/lib/python3.14/subprocess.py", line 1990, in _execute_child
    raise child_exception_type(errno_num, err_msg, err_filename)
FileNotFoundError: [Errno 2] No such file or directory: '/home/quinna/tools/e2e-testrepo/.pipeline-runs/20260729-172137-df25e0/integration'
